// Jest Snapshot v1, https://goo.gl/fbAQLP

exports[`TopBar should render 1`] = `ShallowWrapper {}`;
